Archive member included to satisfy reference by file (symbol)

c:/nxp/lpcxpresso_8.2.2_650/lpcxpresso/tools/bin/../lib/gcc/arm-none-eabi/5.4.1/../../../../arm-none-eabi/lib/armv7-m\libcr_semihost.a(_cr__main.o)
                              ./src/cr_startup_lpc175x_6x.o (__main)
c:/nxp/lpcxpresso_8.2.2_650/lpcxpresso/tools/bin/../lib/gcc/arm-none-eabi/5.4.1/../../../../arm-none-eabi/lib/armv7-m\libcr_c.a(ceilf.o)
                              ./src/calculator.o (ceilf)
c:/nxp/lpcxpresso_8.2.2_650/lpcxpresso/tools/bin/../lib/gcc/arm-none-eabi/5.4.1/../../../../arm-none-eabi/lib/armv7-m\libcr_c.a(floorf.o)
                              ./src/calculator.o (floorf)
c:/nxp/lpcxpresso_8.2.2_650/lpcxpresso/tools/bin/../lib/gcc/arm-none-eabi/5.4.1/../../../../arm-none-eabi/lib/armv7-m\libcr_c.a(memset.o)
                              ./src/display.o (memset)
c:/nxp/lpcxpresso_8.2.2_650/lpcxpresso/tools/bin/../lib/gcc/arm-none-eabi/5.4.1/../../../../arm-none-eabi/lib/armv7-m\libcr_c.a(alloc.o)
                              ./src/display.o (malloc)
c:/nxp/lpcxpresso_8.2.2_650/lpcxpresso/tools/bin/../lib/gcc/arm-none-eabi/5.4.1/../../../../arm-none-eabi/lib/armv7-m\libcr_c.a(cr_time.o)
                              ./src/calculator.o (time)
c:/nxp/lpcxpresso_8.2.2_650/lpcxpresso/tools/bin/../lib/gcc/arm-none-eabi/5.4.1/../../../../arm-none-eabi/lib/armv7-m\libcr_c.a(fpprintf.o)
                              ./src/RealTimeClock.o (printf)
c:/nxp/lpcxpresso_8.2.2_650/lpcxpresso/tools/bin/../lib/gcc/arm-none-eabi/5.4.1/../../../../arm-none-eabi/lib/armv7-m\libcr_c.a(initio.o)
                              c:/nxp/lpcxpresso_8.2.2_650/lpcxpresso/tools/bin/../lib/gcc/arm-none-eabi/5.4.1/../../../../arm-none-eabi/lib/armv7-m\libcr_semihost.a(_cr__main.o) (_initio)
c:/nxp/lpcxpresso_8.2.2_650/lpcxpresso/tools/bin/../lib/gcc/arm-none-eabi/5.4.1/../../../../arm-none-eabi/lib/armv7-m\libcr_c.a(printf.o)
                              c:/nxp/lpcxpresso_8.2.2_650/lpcxpresso/tools/bin/../lib/gcc/arm-none-eabi/5.4.1/../../../../arm-none-eabi/lib/armv7-m\libcr_c.a(fpprintf.o) (__vfprintf)
c:/nxp/lpcxpresso_8.2.2_650/lpcxpresso/tools/bin/../lib/gcc/arm-none-eabi/5.4.1/../../../../arm-none-eabi/lib/armv7-m\libcr_c.a(setvbuf.o)
                              c:/nxp/lpcxpresso_8.2.2_650/lpcxpresso/tools/bin/../lib/gcc/arm-none-eabi/5.4.1/../../../../arm-none-eabi/lib/armv7-m\libcr_c.a(initio.o) (setvbuf)
c:/nxp/lpcxpresso_8.2.2_650/lpcxpresso/tools/bin/../lib/gcc/arm-none-eabi/5.4.1/../../../../arm-none-eabi/lib/armv7-m\libcr_c.a(stdio.o)
                              c:/nxp/lpcxpresso_8.2.2_650/lpcxpresso/tools/bin/../lib/gcc/arm-none-eabi/5.4.1/../../../../arm-none-eabi/lib/armv7-m\libcr_c.a(fpprintf.o) (__Ciob)
c:/nxp/lpcxpresso_8.2.2_650/lpcxpresso/tools/bin/../lib/gcc/arm-none-eabi/5.4.1/../../../../arm-none-eabi/lib/armv7-m\libcr_c.a(stdlib.o)
                              ./src/calculator.o (rand)
c:/nxp/lpcxpresso_8.2.2_650/lpcxpresso/tools/bin/../lib/gcc/arm-none-eabi/5.4.1/../../../../arm-none-eabi/lib/armv7-m\libcr_c.a(strcpy.o)
                              ./src/calculator.o (strcpy)
c:/nxp/lpcxpresso_8.2.2_650/lpcxpresso/tools/bin/../lib/gcc/arm-none-eabi/5.4.1/../../../../arm-none-eabi/lib/armv7-m\libcr_c.a(strlen.o)
                              c:/nxp/lpcxpresso_8.2.2_650/lpcxpresso/tools/bin/../lib/gcc/arm-none-eabi/5.4.1/../../../../arm-none-eabi/lib/armv7-m\libcr_c.a(printf.o) (strlen)
c:/nxp/lpcxpresso_8.2.2_650/lpcxpresso/tools/bin/../lib/gcc/arm-none-eabi/5.4.1/../../../../arm-none-eabi/lib/armv7-m\libcr_c.a(memcpy.o)
                              c:/nxp/lpcxpresso_8.2.2_650/lpcxpresso/tools/bin/../lib/gcc/arm-none-eabi/5.4.1/../../../../arm-none-eabi/lib/armv7-m\libcr_c.a(alloc.o) (memcpy)
c:/nxp/lpcxpresso_8.2.2_650/lpcxpresso/tools/bin/../lib/gcc/arm-none-eabi/5.4.1/../../../../arm-none-eabi/lib/armv7-m\libcr_c.a(__fillbuf.o)
                              c:/nxp/lpcxpresso_8.2.2_650/lpcxpresso/tools/bin/../lib/gcc/arm-none-eabi/5.4.1/../../../../arm-none-eabi/lib/armv7-m\libcr_c.a(stdio.o) (__filbuf)
c:/nxp/lpcxpresso_8.2.2_650/lpcxpresso/tools/bin/../lib/gcc/arm-none-eabi/5.4.1/../../../../arm-none-eabi/lib/armv7-m\libcr_c.a(__init_alloc.o)
                              c:/nxp/lpcxpresso_8.2.2_650/lpcxpresso/tools/bin/../lib/gcc/arm-none-eabi/5.4.1/../../../../arm-none-eabi/lib/armv7-m\libcr_c.a(alloc.o) (__heaps)
c:/nxp/lpcxpresso_8.2.2_650/lpcxpresso/tools/bin/../lib/gcc/arm-none-eabi/5.4.1/../../../../arm-none-eabi/lib/armv7-m\libcr_c.a(_cr_sbrk.o)
                              c:/nxp/lpcxpresso_8.2.2_650/lpcxpresso/tools/bin/../lib/gcc/arm-none-eabi/5.4.1/../../../../arm-none-eabi/lib/armv7-m\libcr_c.a(alloc.o) (_sbrk)
c:/nxp/lpcxpresso_8.2.2_650/lpcxpresso/tools/bin/../lib/gcc/arm-none-eabi/5.4.1/../../../../arm-none-eabi/lib/armv7-m\libcr_c.a(_deferredlazyseek.o)
[...]
Memory Configuration

Name             Origin             Length             Attributes
MFlash512        0x00000000         0x00080000         xr
RamLoc32         0x10000000         0x00008000         xrw
RamAHB32         0x2007c000         0x00008000         xrw
*default*        0x00000000         0xffffffff

Linker script and memory map

LOAD ./src/GPIO.o
LOAD ./src/I2C.o
LOAD ./src/IR.o
LOAD ./src/RIT.o
LOAD ./src/RealTimeClock.o
LOAD ./src/SPI.o
LOAD ./src/alarm.o
LOAD ./src/calculator.o
LOAD ./src/cr_startup_lpc175x_6x.o
LOAD ./src/crp.o
LOAD ./src/display.o
LOAD ./src/font5x7.o
LOAD ./src/projectBlock5.o
LOAD ./src/sound.o
LOAD ./src/timer.o
START GROUP
LOAD c:/nxp/lpcxpresso_8.2.2_650/lpcxpresso/tools/bin/../lib/gcc/arm-none-eabi/5.4.1/../../../../arm-none-eabi/lib/armv7-m\libcr_semihost.a
LOAD c:/nxp/lpcxpresso_8.2.2_650/lpcxpresso/tools/bin/../lib/gcc/arm-none-eabi/5.4.1/../../../../arm-none-eabi/lib/armv7-m\libcr_c.a
LOAD c:/nxp/lpcxpresso_8.2.2_650/lpcxpresso/tools/bin/../lib/gcc/arm-none-eabi/5.4.1/armv7-m\libcr_eabihelpers.a
END GROUP
                0x00000000                __base_MFlash512 = 0x0
                0x00000000                __base_Flash = 0x0
                0x00080000                __top_MFlash512 = 0x80000
                0x00080000                __top_Flash = 0x80000
                0x10000000                __base_RamLoc32 = 0x10000000
                0x10000000                __base_RAM = 0x10000000
                0x10008000                __top_RamLoc32 = 0x10008000
                0x10008000                __top_RAM = 0x10008000
                0x2007c000                __base_RamAHB32 = 0x2007c000
                0x2007c000                __base_RAM2 = 0x2007c000
                0x20084000                __top_RamAHB32 = 0x20084000
                0x20084000                __top_RAM2 = 0x20084000

.text           0x00000000     0x1758
 FILL mask 0xff
                0x00000000                __vectors_start__ = ABSOLUTE (.)
 *(.isr_vector)
 .isr_vector    0x00000000       0xcc ./src/cr_startup_lpc175x_6x.o
                0x00000000                g_pfnVectors
                0x000000cc                . = ALIGN (0x4)
                0x000000cc                __section_table_start = .
                0x000000cc                __data_section_table = .
                0x000000cc        0x4 LONG 0x1758 LOADADDR (.data)
                0x000000d0        0x4 LONG 0x10000000 ADDR (.data)
                0x000000d4        0x4 LONG 0x2d4 SIZEOF (.data)
                0x000000d8        0x4 LONG 0x1758 LOADADDR (.data_RAM2)
                0x000000dc        0x4 LONG 0x2007c000 ADDR (.data_RAM2)
                0x000000e0        0x4 LONG 0x0 SIZEOF (.data_RAM2)
                0x000000e4                __data_section_table_end = .
                0x000000e4                __bss_section_table = .
                0x000000e4        0x4 LONG 0x100002d4 ADDR (.bss)
                0x000000e8        0x4 LONG 0x170 SIZEOF (.bss)
                0x000000ec        0x4 LONG 0x2007c000 ADDR (.bss_RAM2)
                0x000000f0        0x4 LONG 0x0 SIZEOF (.bss_RAM2)
                0x000000f4                __bss_section_table_end = .
                0x000000f4                __section_table_end = .
 *(.after_vectors*)
 .after_vectors
                0x000000f4       0x80 ./src/cr_startup_lpc175x_6x.o
                0x000000f4                NMI_Handler
                0x000000f6                HardFault_Handler
                0x000000f8                MemManage_Handler
                0x000000fa                BusFault_Handler
                0x000000fc                UsageFault_Handler
                0x000000fe                SVC_Handler
                0x00000100                DebugMon_Handler
                0x00000102                PendSV_Handler
                0x00000104                SysTick_Handler
                0x00000106                CANActivity_IRQHandler
                0x00000106                UART0_IRQHandler
                0x00000106                MCPWM_IRQHandler
                0x00000106                UART1_IRQHandler
                0x00000106                EINT2_IRQHandler
                0x00000106                IntDefaultHandler
                0x00000106                PLL0_IRQHandler
                0x00000106                CAN_IRQHandler
                0x00000106                PLL1_IRQHandler
                0x00000106                SSP0_IRQHandler
                0x00000106                USBActivity_IRQHandler
                0x00000106                I2C2_IRQHandler
                0x00000106                RTC_IRQHandler
                0x00000106                TIMER0_IRQHandler
                0x00000106                SPI_IRQHandler
                0x00000106                UART3_IRQHandler
                0x00000106                EINT1_IRQHandler
                0x00000106                TIMER1_IRQHandler
                0x00000106                UART2_IRQHandler
                0x00000106                ADC_IRQHandler
                0x00000106                SSP1_IRQHandler
                0x00000106                USB_IRQHandler
                0x00000106                BOD_IRQHandler
                0x00000106                I2C1_IRQHandler
                0x00000106                WDT_IRQHandler
                0x00000106                I2C0_IRQHandler
                0x00000106                QEI_IRQHandler
                0x00000106                EINT0_IRQHandler
                0x00000106                I2S_IRQHandler
                0x00000106                DMA_IRQHandler
                0x00000106                ENET_IRQHandler
                0x00000108                data_init
                0x0000011e                bss_init
                0x00000132                ResetISR
 *(.text*)
 .text.GPIO_SetDIR
                0x00000174        0xe ./src/GPIO.o
                0x00000174                GPIO_SetDIR
 *fill*         0x00000182        0x2 ff
 .text.GPIO_Set
                0x00000184        0xc ./src/GPIO.o
                0x00000184                GPIO_Set
 .text.GPIO_Clear
                0x00000190        0xc ./src/GPIO.o
                0x00000190                GPIO_Clear
 .text.GPIO_Read
                0x0000019c        0xc ./src/GPIO.o
                0x0000019c                GPIO_Read
 .text.GPIO_Int_Clear
                0x000001a8       0x24 ./src/GPIO.o
                0x000001a8                GPIO_Int_Clear
 .text.I2C_ReadData
                0x000001cc       0x14 ./src/I2C.o
                0x000001cc                I2C_ReadData
 .text.TIMER2_IRQHandler
                0x000001e0       0x80 ./src/IR.o
                0x000001e0                TIMER2_IRQHandler
 .text.EINT3_IRQHandler
                0x00000260       0x20 ./src/IR.o
                0x00000260                EINT3_IRQHandler
 .text.RIT_Init
                0x00000280       0x38 ./src/RIT.o
                0x00000280                RIT_Init
 .text.RIT_ClearIR
                0x000002b8       0x10 ./src/RIT.o
                0x000002b8                RIT_ClearIR
 .text.RIT_Enable
                0x000002c8       0x10 ./src/RIT.o
                0x000002c8                RIT_Enable
 .text.RIT_SetCOMP
                0x000002d8        0xc ./src/RIT.o
                0x000002d8                RIT_SetCOMP
 .text.RTC_bcdToDec
                0x000002e4       0x12 ./src/RealTimeClock.o
                0x000002e4                RTC_bcdToDec
 *fill*         0x000002f6        0x2 ff
 .text.RTC_setTime
                0x000002f8       0x3c ./src/RealTimeClock.o
                0x000002f8                RTC_setTime
 .text.TIMER3_IRQHandler
                0x00000334       0x34 ./src/RealTimeClock.o
                0x00000334                TIMER3_IRQHandler
 .text.SPI_Init
                0x00000368       0x50 ./src/SPI.o
                0x00000368                SPI_Init
 .text.SPI_WriteInteger
                0x000003b8       0x38 ./src/SPI.o
                0x000003b8                SPI_WriteInteger
 .text.alarm_Init
                0x000003f0       0x1a ./src/alarm.o
                0x000003f0                alarm_Init
 *fill*         0x0000040a        0x2 ff
 .text.check_User_Answer
                0x0000040c       0x4c ./src/alarm.o
                0x0000040c                check_User_Answer
 .text.down_Volume
                0x00000458       0x3c ./src/alarm.o
                0x00000458                down_Volume
 .text.up_Volume
                0x00000494       0x3c ./src/alarm.o
                0x00000494                up_Volume
 .text.alarm_On
                0x000004d0       0x2c ./src/alarm.o
                0x000004d0                alarm_On
 .text.set_Alarm_Time
                0x000004fc       0x2c ./src/alarm.o
                0x000004fc                set_Alarm_Time
 .text.move_Left
                0x00000528       0x1c ./src/alarm.o
                0x00000528                move_Left
 .text.move_Right
                0x00000544       0x20 ./src/alarm.o
                0x00000544                move_Right
 .text.set_User_Answer
                0x00000564       0x24 ./src/alarm.o
                0x00000564                set_User_Answer
 .text.setButton
                0x00000588       0xa8 ./src/alarm.o
                0x00000588                setButton
 .text.calculator_Init
                0x00000630       0x10 ./src/calculator.o
                0x00000630                calculator_Init
 .text.set_Problem
                0x00000640      0x150 ./src/calculator.o
                0x00000640                set_Problem
 .text.subtract
                0x00000790       0x34 ./src/calculator.o
                0x00000790                subtract
 .text.divide   0x000007c4       0x8c ./src/calculator.o
                0x000007c4                divide
 .text.gen_Problem
                0x00000850       0x7c ./src/calculator.o
                0x00000850                gen_Problem
 .text.display_Init
                0x000008cc       0x84 ./src/display.o
                0x000008cc                display_Init
 .text.display_SetChar
                0x00000950       0x64 ./src/display.o
                0x00000950                display_SetChar
 .text.display_Set
                0x000009b4       0x18 ./src/display.o
                0x000009b4                display_Set
 .text.display_Write
                0x000009cc        0xc ./src/display.o
                0x000009cc                display_Write
 .text.RIT_IRQHandler
                0x000009d8       0xa0 ./src/display.o
                0x000009d8                RIT_IRQHandler
 .text.startup.main
                0x00000a78       0x3c ./src/projectBlock5.o
                0x00000a78                main
 .text.PWM1_IRQHandler
                0x00000ab4       0x50 ./src/sound.o
                0x00000ab4                PWM1_IRQHandler
 .text.timer_ClearIR
                0x00000b04       0x10 ./src/timer.o
                0x00000b04                timer_ClearIR
 .text.timer_Reset
                0x00000b14       0x10 ./src/timer.o
                0x00000b14                timer_Reset
 .text.timer_GetCR
                0x00000b24        0xe ./src/timer.o
                0x00000b24                timer_GetCR
 .text.__main   0x00000b32       0x14 c:/nxp/lpcxpresso_8.2.2_650/lpcxpresso/tools/bin/../lib/gcc/arm-none-eabi/5.4.1/../../../../arm-none-eabi/lib/armv7-m\libcr_semihost.a(_cr__main.o)
                0x00000b32                __CR_SEMIHOST
                0x00000b32                __main
 *fill*         0x00000b46        0x2 ff
 .text.ceilf    0x00000b48       0x4c c:/nxp/lpcxpresso_8.2.2_650/lpcxpresso/tools/bin/../lib/gcc/arm-none-eabi/5.4.1/../../../../arm-none-eabi/lib/armv7-m\libcr_c.a(ceilf.o)
                0x00000b48                ceilf
 .text.floorf   0x00000b94       0x4c c:/nxp/lpcxpresso_8.2.2_650/lpcxpresso/tools/bin/../lib/gcc/arm-none-eabi/5.4.1/../../../../arm-none-eabi/lib/armv7-m\libcr_c.a(floorf.o)
                0x00000b94                floorf
 .text.memset   0x00000be0        0x4 c:/nxp/lpcxpresso_8.2.2_650/lpcxpresso/tools/bin/../lib/gcc/arm-none-eabi/5.4.1/../../../../arm-none-eabi/lib/armv7-m\libcr_c.a(memset.o)
                0x00000be0                memset
 .text.malloc   0x00000be4       0xc8 c:/nxp/lpcxpresso_8.2.2_650/lpcxpresso/tools/bin/../lib/gcc/arm-none-eabi/5.4.1/../../../../arm-none-eabi/lib/armv7-m\libcr_c.a(alloc.o)
                0x00000be4                malloc
 .text.free     0x00000cac       0x30 c:/nxp/lpcxpresso_8.2.2_650/lpcxpresso/tools/bin/../lib/gcc/arm-none-eabi/5.4.1/../../../../arm-none-eabi/lib/armv7-m\libcr_c.a(alloc.o)
                0x00000cac                free
 .text._Csys_alloc
                0x00000cdc       0x20 c:/nxp/lpcxpresso_8.2.2_650/lpcxpresso/tools/bin/../lib/gcc/arm-none-eabi/5.4.1/../../../../arm-none-eabi/lib/armv7-m\libcr_c.a(alloc.o)
                0x00000cdc                _Csys_alloc
 .text.time     0x00000cfc        0xe c:/nxp/lpcxpresso_8.2.2_650/lpcxpresso/tools/bin/../lib/gcc/arm-none-eabi/5.4.1/../../../../arm-none-eabi/lib/armv7-m\libcr_c.a(cr_time.o)
                0x00000cfc                time
 *fill*         0x00000d0a        0x2 ff
 .text._initio  0x00000d0c       0xa4 c:/nxp/lpcxpresso_8.2.2_650/lpcxpresso/tools/bin/../lib/gcc/arm-none-eabi/5.4.1/../../../../arm-none-eabi/lib/armv7-m\libcr_c.a(initio.o)
                0x00000d0c                _initio
 .text.setvbuf  0x00000db0       0x40 c:/nxp/lpcxpresso_8.2.2_650/lpcxpresso/tools/bin/../lib/gcc/arm-none-eabi/5.4.1/../../../../arm-none-eabi/lib/armv7-m\libcr_c.a(setvbuf.o)
                0x00000db0                setvbuf
 .text.rand     0x00000df0       0x3c c:/nxp/lpcxpresso_8.2.2_650/lpcxpresso/tools/bin/../lib/gcc/arm-none-eabi/5.4.1/../../../../arm-none-eabi/lib/armv7-m\libcr_c.a(stdlib.o)
                0x00000df0                rand
 .text.srand    0x00000e2c       0x40 c:/nxp/lpcxpresso_8.2.2_650/lpcxpresso/tools/bin/../lib/gcc/arm-none-eabi/5.4.1/../../../../arm-none-eabi/lib/armv7-m\libcr_c.a(stdlib.o)
                0x00000e2c                srand
 .text.strcpy   0x00000e6c       0x42 c:/nxp/lpcxpresso_8.2.2_650/lpcxpresso/tools/bin/../lib/gcc/arm-none-eabi/5.4.1/../../../../arm-none-eabi/lib/armv7-m\libcr_c.a(strcpy.o)
                0x00000e6c                strcpy
 .text.strlen   0x00000eae       0x4a c:/nxp/lpcxpresso_8.2.2_650/lpcxpresso/tools/bin/../lib/gcc/arm-none-eabi/5.4.1/../../../../arm-none-eabi/lib/armv7-m\libcr_c.a(strlen.o)
                0x00000eae                strlen
 .text._sbrk    0x00000ef8       0x40 c:/nxp/lpcxpresso_8.2.2_650/lpcxpresso/tools/bin/../lib/gcc/arm-none-eabi/5.4.1/../../../../arm-none-eabi/lib/armv7-m\libcr_c.a(_cr_sbrk.o)
                0x00000ef8                _sbrk
 .text._deferredlazyseek
                0x00000f38       0x44 c:/nxp/lpcxpresso_8.2.2_650/lpcxpresso/tools/bin/../lib/gcc/arm-none-eabi/5.4.1/../../../../arm-none-eabi/lib/armv7-m\libcr_c.a(_deferredlazyseek.o)
                0x00000f38                _deferredlazyseek
 .text._fdopen  0x00000f7c       0x6a c:/nxp/lpcxpresso_8.2.2_650/lpcxpresso/tools/bin/../lib/gcc/arm-none-eabi/5.4.1/../../../../arm-none-eabi/lib/armv7-m\libcr_c.a(_fdopen.o)
                0x00000f7c                _fdopen
 .text._fflush  0x00000fe6       0x58 c:/nxp/lpcxpresso_8.2.2_650/lpcxpresso/tools/bin/../lib/gcc/arm-none-eabi/5.4.1/../../../../arm-none-eabi/lib/armv7-m\libcr_c.a(_fflush.o)
                0x00000fe6                _fflush
 *fill*         0x0000103e        0x2 ff
 .text._Cwritebuf
                0x00001040       0x68 c:/nxp/lpcxpresso_8.2.2_650/lpcxpresso/tools/bin/../lib/gcc/arm-none-eabi/5.4.1/../../../../arm-none-eabi/lib/armv7-m\libcr_c.a(_writebuf.o)
                0x00001040                _Cwritebuf
 .text.fclose   0x000010a8       0x6c c:/nxp/lpcxpresso_8.2.2_650/lpcxpresso/tools/bin/../lib/gcc/arm-none-eabi/5.4.1/../../../../arm-none-eabi/lib/armv7-m\libcr_c.a(fclose.o)
                0x000010a8                fclose
 .text.fflush   0x00001114       0x30 c:/nxp/lpcxpresso_8.2.2_650/lpcxpresso/tools/bin/../lib/gcc/arm-none-eabi/5.4.1/../../../../arm-none-eabi/lib/armv7-m\libcr_c.a(fflush.o)
                0x00001114                fflush
 .text.fseek    0x00001144      0x110 c:/nxp/lpcxpresso_8.2.2_650/lpcxpresso/tools/bin/../lib/gcc/arm-none-eabi/5.4.1/../../../../arm-none-eabi/lib/armv7-m\libcr_c.a(fseek.o)
                0x00001144                fseek
 .text.ftell    0x00001254       0x4c c:/nxp/lpcxpresso_8.2.2_650/lpcxpresso/tools/bin/../lib/gcc/arm-none-eabi/5.4.1/../../../../arm-none-eabi/lib/armv7-m\libcr_c.a(ftell.o)
                0x00001254                ftell
 .text.remove   0x000012a0       0x14 c:/nxp/lpcxpresso_8.2.2_650/lpcxpresso/tools/bin/../lib/gcc/arm-none-eabi/5.4.1/../../../../arm-none-eabi/lib/armv7-m\libcr_c.a(remove.o)
                0x000012a0                remove
 .text.__check_heap_overflow
                0x000012b4       0x18 c:/nxp/lpcxpresso_8.2.2_650/lpcxpresso/tools/bin/../lib/gcc/arm-none-eabi/5.4.1/../../../../arm-none-eabi/lib/armv7-m\libcr_c.a(_cr_check_heap.o)
                0x000012b4                __check_heap_overflow
 .text._do_fflush
                0x000012cc       0x44 c:/nxp/lpcxpresso_8.2.2_650/lpcxpresso/tools/bin/../lib/gcc/arm-none-eabi/5.4.1/../../../../arm-none-eabi/lib/armv7-m\libcr_c.a(_do_fflush.o)
                0x000012cc                _do_fflush
 .text.__aeabi_fmul
                0x00001310       0xb0 c:/nxp/lpcxpresso_8.2.2_650/lpcxpresso/tools/bin/../lib/gcc/arm-none-eabi/5.4.1/armv7-m\libcr_eabihelpers.a(float.o)
                0x00001310                __aeabi_fmul
 .text.__aeabi_fdiv
                0x000013c0       0xc0 c:/nxp/lpcxpresso_8.2.2_650/lpcxpresso/tools/bin/../lib/gcc/arm-none-eabi/5.4.1/armv7-m\libcr_eabihelpers.a(float.o)
                0x000013c0                __aeabi_fdiv
 .text.__aeabi_fsub
                0x00001480       0xe0 c:/nxp/lpcxpresso_8.2.2_650/lpcxpresso/tools/bin/../lib/gcc/arm-none-eabi/5.4.1/armv7-m\libcr_eabihelpers.a(float.o)
                0x00001480                __aeabi_fsub
 .text.__aeabi_fadd
                0x00001560       0xac c:/nxp/lpcxpresso_8.2.2_650/lpcxpresso/tools/bin/../lib/gcc/arm-none-eabi/5.4.1/armv7-m\libcr_eabihelpers.a(float.o)
                0x00001560                __aeabi_fadd
 .text.__aeabi_f2iz
                0x0000160c       0x32 c:/nxp/lpcxpresso_8.2.2_650/lpcxpresso/tools/bin/../lib/gcc/arm-none-eabi/5.4.1/armv7-m\libcr_eabihelpers.a(float.o)
                0x0000160c                __aeabi_f2iz
 .text.__bhs_ui2f
                0x0000163e       0x26 c:/nxp/lpcxpresso_8.2.2_650/lpcxpresso/tools/bin/../lib/gcc/arm-none-eabi/5.4.1/armv7-m\libcr_eabihelpers.a(float.o)
                0x0000163e                __bhs_ui2f
 .text.__aeabi_i2f
                0x00001664       0x10 c:/nxp/lpcxpresso_8.2.2_650/lpcxpresso/tools/bin/../lib/gcc/arm-none-eabi/5.4.1/armv7-m\libcr_eabihelpers.a(float.o)
                0x00001664                __aeabi_i2f
 .text.__aeabi_fcmpeq
                0x00001674       0x1e c:/nxp/lpcxpresso_8.2.2_650/lpcxpresso/tools/bin/../lib/gcc/arm-none-eabi/5.4.1/armv7-m\libcr_eabihelpers.a(float.o)
                0x00001674                __aeabi_fcmpeq
 .text.__aeabi_memset_lowlevel
                0x00001692       0x32 c:/nxp/lpcxpresso_8.2.2_650/lpcxpresso/tools/bin/../lib/gcc/arm-none-eabi/5.4.1/armv7-m\libcr_eabihelpers.a(memcpy.o)
                0x00001692                __aeabi_lowlevel_memset
 .text.__sys_appexit
                0x000016c4        0xc c:/nxp/lpcxpresso_8.2.2_650/lpcxpresso/tools/bin/../lib/gcc/arm-none-eabi/5.4.1/../../../../arm-none-eabi/lib/armv7-m\libcr_semihost.a(__sys_appexit.o)
                0x000016c4                __sys_appexit
                0x000016c4                __exit
 .text.__sys_close
                0x000016d0        0xc c:/nxp/lpcxpresso_8.2.2_650/lpcxpresso/tools/bin/../lib/gcc/arm-none-eabi/5.4.1/../../../../arm-none-eabi/lib/armv7-m\libcr_semihost.a(__sys_close.o)
                0x000016d0                __sys_close
 .text.__sys_flen
                0x000016dc        0xc c:/nxp/lpcxpresso_8.2.2_650/lpcxpresso/tools/bin/../lib/gcc/arm-none-eabi/5.4.1/../../../../arm-none-eabi/lib/armv7-m\libcr_semihost.a(__sys_flen.o)
                0x000016dc                __sys_flen
 .text.__sys_istty
                0x000016e8        0xc c:/nxp/lpcxpresso_8.2.2_650/lpcxpresso/tools/bin/../lib/gcc/arm-none-eabi/5.4.1/../../../../arm-none-eabi/lib/armv7-m\libcr_semihost.a(__sys_istty.o)
                0x000016e8                __sys_istty
 .text.__sys_remove
                0x000016f4        0xc c:/nxp/lpcxpresso_8.2.2_650/lpcxpresso/tools/bin/../lib/gcc/arm-none-eabi/5.4.1/../../../../arm-none-eabi/lib/armv7-m\libcr_semihost.a(__sys_remove.o)
                0x000016f4                __sys_remove
 .text.__sys_seek
                0x00001700        0xc c:/nxp/lpcxpresso_8.2.2_650/lpcxpresso/tools/bin/../lib/gcc/arm-none-eabi/5.4.1/../../../../arm-none-eabi/lib/armv7-m\libcr_semihost.a(__sys_seek.o)
                0x00001700                __sys_seek
 .text.__sys_time
                0x0000170c        0x6 c:/nxp/lpcxpresso_8.2.2_650/lpcxpresso/tools/bin/../lib/gcc/arm-none-eabi/5.4.1/../../../../arm-none-eabi/lib/armv7-m\libcr_semihost.a(__sys_time.o)
                0x0000170c                __sys_time
 .text.__sys_tmpnam
                0x00001712        0xc c:/nxp/lpcxpresso_8.2.2_650/lpcxpresso/tools/bin/../lib/gcc/arm-none-eabi/5.4.1/../../../../arm-none-eabi/lib/armv7-m\libcr_semihost.a(__sys_tmpnam.o)
                0x00001712                __sys_tmpnam
 .text.__sys_write
                0x0000171e        0xc c:/nxp/lpcxpresso_8.2.2_650/lpcxpresso/tools/bin/../lib/gcc/arm-none-eabi/5.4.1/../../../../arm-none-eabi/lib/armv7-m\libcr_semihost.a(__sys_write.o)
                0x0000171e                __sys_write
                0x0000171e                __write
 *(.rodata .rodata.* .constdata .constdata.*)
 .rodata.str1.1
                0x0000172a        0x6 ./src/alarm.o
 .rodata        0x00001730        0xa ./src/calculator.o
 .rodata.str1.1
                0x0000173a       0x18 c:/nxp/lpcxpresso_8.2.2_650/lpcxpresso/tools/bin/../lib/gcc/arm-none-eabi/5.4.1/../../../../arm-none-eabi/lib/armv7-m\libcr_c.a(alloc.o)
 .rodata.str1.1
                0x00001752        0x4 c:/nxp/lpcxpresso_8.2.2_650/lpcxpresso/tools/bin/../lib/gcc/arm-none-eabi/5.4.1/../../../../arm-none-eabi/lib/armv7-m\libcr_c.a(initio.o)
                0x00001758                . = ALIGN (0x4)
 *fill*         0x00001756        0x2 ff

.glue_7         0x00001758        0x0
 .glue_7        0x00001758        0x0 linker stubs

.glue_7t        0x00001758        0x0
 .glue_7t       0x00001758        0x0 linker stubs

.vfp11_veneer   0x00001758        0x0
 .vfp11_veneer  0x00001758        0x0 linker stubs

.v4_bx          0x00001758        0x0
 .v4_bx         0x00001758        0x0 linker stubs

.iplt           0x00001758        0x0
 .iplt          0x00001758        0x0 ./src/GPIO.o

.rel.dyn        0x00001758        0x0
 .rel.iplt      0x00001758        0x0 ./src/GPIO.o

.ARM.extab
 *(.ARM.extab* .gnu.linkonce.armextab.*)
                0x00001758                __exidx_start = .

.ARM.exidx
 *(.ARM.exidx* .gnu.linkonce.armexidx.*)
                0x00001758                __exidx_end = .
                0x00001758                _etext = .

.data_RAM2      0x2007c000        0x0 load address 0x00001758
 FILL mask 0xff
                [!provide]                PROVIDE (__start_data_RAM2, .)
 *(.ramfunc.$RAM2)
 *(.ramfunc.$RamAHB32)
 *(.data.$RAM2*)
 *(.data.$RamAHB32*)
                0x2007c000                . = ALIGN (0x4)
                [!provide]                PROVIDE (__end_data_RAM2, .)

.uninit_RESERVED
                0x10000000        0x0
 *(.bss.$RESERVED*)
                0x10000000                . = ALIGN (0x4)
                0x10000000                _end_uninit_RESERVED = .

.data           0x10000000      0x2d4 load address 0x00001758
 FILL mask 0xff
                0x10000000                _data = .
 *(vtable)
 *(.ramfunc*)
 *(.data*)
 .data.RTC_time
                0x10000000        0x5 ./src/RealTimeClock.o
                0x10000000                RTC_time
 .data.user_Answer
                0x10000005        0x5 ./src/alarm.o
                0x10000005                user_Answer
 .data.alarm_Time
                0x1000000a        0x5 ./src/alarm.o
                0x1000000a                alarm_Time
 .data.Font5x7  0x1000000f      0x1db ./src/font5x7.o
                0x1000000f                Font5x7
 .data.pwmDir   0x100001ea        0x1 ./src/sound.o
                0x100001ea                pwmDir
 *fill*         0x100001eb        0x1 ff
 .data.oscillationSpeed
                0x100001ec        0x4 ./src/sound.o
                0x100001ec                oscillationSpeed
 .data._random_number_seed
                0x100001f0       0xdc c:/nxp/lpcxpresso_8.2.2_650/lpcxpresso/tools/bin/../lib/gcc/arm-none-eabi/5.4.1/../../../../arm-none-eabi/lib/armv7-m\libcr_c.a(stdlib.o)
 .data._random_j
                0x100002cc        0x4 c:/nxp/lpcxpresso_8.2.2_650/lpcxpresso/tools/bin/../lib/gcc/arm-none-eabi/5.4.1/../../../../arm-none-eabi/lib/armv7-m\libcr_c.a(stdlib.o)
 .data._random_k
                0x100002d0        0x4 c:/nxp/lpcxpresso_8.2.2_650/lpcxpresso/tools/bin/../lib/gcc/arm-none-eabi/5.4.1/../../../../arm-none-eabi/lib/armv7-m\libcr_c.a(stdlib.o)
                0x100002d4                . = ALIGN (0x4)
                0x100002d4                _edata = .

.igot.plt       0x100002d4        0x0 load address 0x00001a2c
 .igot.plt      0x100002d4        0x0 ./src/GPIO.o

.bss_RAM2       0x2007c000        0x0
                [!provide]                PROVIDE (__start_bss_RAM2, .)
 *(.bss.$RAM2*)
 *(.bss.$RamAHB32*)
                0x2007c000                . = ALIGN ((. != 0x0)?0x4:0x1)
                [!provide]                PROVIDE (__end_bss_RAM2, .)

.bss            0x100002d4      0x170
                0x100002d4                _bss = .
 *(.bss*)
 .bss.bit       0x100002d4        0x1 ./src/IR.o
                0x100002d4                bit
 *fill*         0x100002d5        0x1 
 .bss.data      0x100002d6        0x2 ./src/IR.o
                0x100002d6                data
 .bss.problem   0x100002d8        0xa ./src/alarm.o
                0x100002d8                problem
 .bss.settings  0x100002e2        0x1 ./src/alarm.o
                0x100002e2                settings
 .bss.displayUpdate
                0x100002e3        0x1 ./src/display.o
                0x100002e3                displayUpdate
 .bss.frontBuffer
                0x100002e4        0x4 ./src/display.o
                0x100002e4                frontBuffer
 .bss.row       0x100002e8        0x1 ./src/display.o
                0x100002e8                row
 *fill*         0x100002e9        0x3 
 .bss.backBuffer
                0x100002ec        0x4 ./src/display.o
                0x100002ec                backBuffer
 .bss.pwmDutycycle
                0x100002f0        0x4 ./src/sound.o
                0x100002f0                pwmDutycycle
 .bss._extra    0x100002f4        0x4 c:/nxp/lpcxpresso_8.2.2_650/lpcxpresso/tools/bin/../lib/gcc/arm-none-eabi/5.4.1/../../../../arm-none-eabi/lib/armv7-m\libcr_c.a(initio.o)
                0x100002f4                _extra
 .bss.__Ciob    0x100002f8      0x140 c:/nxp/lpcxpresso_8.2.2_650/lpcxpresso/tools/bin/../lib/gcc/arm-none-eabi/5.4.1/../../../../arm-none-eabi/lib/armv7-m\libcr_c.a(stdio.o)
                0x100002f8                __Ciob
 .bss.__heaps   0x10000438        0x4 c:/nxp/lpcxpresso_8.2.2_650/lpcxpresso/tools/bin/../lib/gcc/arm-none-eabi/5.4.1/../../../../arm-none-eabi/lib/armv7-m\libcr_c.a(__init_alloc.o)
                0x10000438                __heaps
 .bss.__end_of_heap
                0x1000043c        0x4 c:/nxp/lpcxpresso_8.2.2_650/lpcxpresso/tools/bin/../lib/gcc/arm-none-eabi/5.4.1/../../../../arm-none-eabi/lib/armv7-m\libcr_c.a(__init_alloc.o)
                0x1000043c                __end_of_heap
 .bss.errno     0x10000440        0x4 c:/nxp/lpcxpresso_8.2.2_650/lpcxpresso/tools/bin/../lib/gcc/arm-none-eabi/5.4.1/../../../../arm-none-eabi/lib/armv7-m\libcr_c.a(errno.o)
                0x10000440                errno
 *(COMMON)
                0x10000444                . = ALIGN (0x4)
                0x10000444                _ebss = .
                [!provide]                PROVIDE (end, .)

.noinit_RAM2    0x2007c000        0x0
 *(.noinit.$RAM2*)
 *(.noinit.$RamAHB32*)
                0x2007c000                . = ALIGN (0x4)

.noinit         0x10000444        0x0
                0x10000444                _noinit = .
 *(.noinit*)
                0x10000444                . = ALIGN (0x4)
                0x10000444                _end_noinit = .
                0x10000444                PROVIDE (_pvHeapStart, DEFINED (__user_heap_base)?__user_heap_base:.)
                0x10008000                PROVIDE (_vStackTop, DEFINED (__user_stack_top)?__user_stack_top:(__top_RamLoc32 - 0x0))
                0xefff79f0                PROVIDE (__valid_user_code_checksum, (0x0 - ((((((_vStackTop + (ResetISR + 0x1)) + (NMI_Handler + 0x1)) + (HardFault_Handler + 0x1)) + (DEFINED (MemManage_Handler)?MemManage_Handler:0x0 + 0x1)) + (DEFINED (BusFault_Handler)?BusFault_Handler:0x0 + 0x1)) + (DEFINED (UsageFault_Handler)?UsageFault_Handler:0x0 + 0x1))))
OUTPUT(projectBlock5.axf elf32-littlearm)

.debug_info     0x00000000     0x2231
 .debug_info    0x00000000      0x2af ./src/GPIO.o
 .debug_info    0x000002af      0x183 ./src/I2C.o
 .debug_info    0x00000432      0x1ec ./src/IR.o
 .debug_info    0x0000061e       0xa5 ./src/RIT.o
 .debug_info    0x000006c3      0x4ff ./src/RealTimeClock.o
 .debug_info    0x00000bc2       0x63 ./src/SPI.o
 .debug_info    0x00000c25      0x491 ./src/alarm.o
 .debug_info    0x000010b6      0x4f5 ./src/calculator.o
 .debug_info    0x000015ab      0x279 ./src/cr_startup_lpc175x_6x.o
 .debug_info    0x00001824      0x496 ./src/display.o
 .debug_info    0x00001cba       0x53 ./src/font5x7.o
 .debug_info    0x00001d0d       0xa6 ./src/projectBlock5.o
 .debug_info    0x00001db3      0x180 ./src/sound.o
 .debug_info    0x00001f33      0x2fe ./src/timer.o

.debug_abbrev   0x00000000      0xd7f
 .debug_abbrev  0x00000000       0xb0 ./src/GPIO.o
 .debug_abbrev  0x000000b0      0x115 ./src/I2C.o
 .debug_abbrev  0x000001c5       0xc6 ./src/IR.o
 .debug_abbrev  0x0000028b       0x76 ./src/RIT.o
 .debug_abbrev  0x00000301      0x1ae ./src/RealTimeClock.o
 .debug_abbrev  0x000004af       0x60 ./src/SPI.o
 .debug_abbrev  0x0000050f      0x170 ./src/alarm.o
 .debug_abbrev  0x0000067f      0x20b ./src/calculator.o
 .debug_abbrev  0x0000088a      0x12f ./src/cr_startup_lpc175x_6x.o
 .debug_abbrev  0x000009b9      0x16e ./src/display.o
 .debug_abbrev  0x00000b27       0x3e ./src/font5x7.o
 .debug_abbrev  0x00000b65       0x65 ./src/projectBlock5.o
 .debug_abbrev  0x00000bca       0xe8 ./src/sound.o
 .debug_abbrev  0x00000cb2       0xcd ./src/timer.o

.debug_loc      0x00000000     0x10ae
 .debug_loc     0x00000000      0x231 ./src/GPIO.o
 .debug_loc     0x00000231       0x21 ./src/I2C.o
 .debug_loc     0x00000252       0x37 ./src/IR.o
 .debug_loc     0x00000289      0x213 ./src/RealTimeClock.o
 .debug_loc     0x0000049c       0x21 ./src/SPI.o
 .debug_loc     0x000004bd      0x232 ./src/alarm.o
 .debug_loc     0x000006ef      0x3e0 ./src/calculator.o
 .debug_loc     0x00000acf      0x1a5 ./src/cr_startup_lpc175x_6x.o
 .debug_loc     0x00000c74      0x100 ./src/display.o
 .debug_loc     0x00000d74       0x21 ./src/sound.o
 .debug_loc     0x00000d95      0x319 ./src/timer.o

.debug_aranges  0x00000000      0x440
 .debug_aranges
                0x00000000       0x88 ./src/GPIO.o
 .debug_aranges
                0x00000088       0x48 ./src/I2C.o
 .debug_aranges
                0x000000d0       0x30 ./src/IR.o
 .debug_aranges
                0x00000100       0x48 ./src/RIT.o
 .debug_aranges
                0x00000148       0x60 ./src/RealTimeClock.o
 .debug_aranges
                0x000001a8       0x28 ./src/SPI.o
 .debug_aranges
                0x000001d0       0x78 ./src/alarm.o
 .debug_aranges
                0x00000248       0x48 ./src/calculator.o
 .debug_aranges
                0x00000290       0x80 ./src/cr_startup_lpc175x_6x.o
 .debug_aranges
                0x00000310       0x40 ./src/display.o
 .debug_aranges
                0x00000350       0x18 ./src/font5x7.o
 .debug_aranges
                0x00000368       0x20 ./src/projectBlock5.o
 .debug_aranges
                0x00000388       0x30 ./src/sound.o
 .debug_aranges
                0x000003b8       0x88 ./src/timer.o

.debug_ranges   0x00000000      0x3b8
 .debug_ranges  0x00000000       0x78 ./src/GPIO.o
 .debug_ranges  0x00000078       0x38 ./src/I2C.o
 .debug_ranges  0x000000b0       0x20 ./src/IR.o
 .debug_ranges  0x000000d0       0x38 ./src/RIT.o
 .debug_ranges  0x00000108       0x50 ./src/RealTimeClock.o
 .debug_ranges  0x00000158       0x18 ./src/SPI.o
 .debug_ranges  0x00000170       0x68 ./src/alarm.o
 .debug_ranges  0x000001d8       0x68 ./src/calculator.o
 .debug_ranges  0x00000240       0x70 ./src/cr_startup_lpc175x_6x.o
 .debug_ranges  0x000002b0       0x60 ./src/display.o
 .debug_ranges  0x00000310       0x10 ./src/projectBlock5.o
 .debug_ranges  0x00000320       0x20 ./src/sound.o
 .debug_ranges  0x00000340       0x78 ./src/timer.o

.debug_line     0x00000000      0xb6f
 .debug_line    0x00000000      0x118 ./src/GPIO.o
 .debug_line    0x00000118       0x9e ./src/I2C.o
 .debug_line    0x000001b6       0x96 ./src/IR.o
 .debug_line    0x0000024c       0x8d ./src/RIT.o
 .debug_line    0x000002d9      0x11c ./src/RealTimeClock.o
 .debug_line    0x000003f5       0x58 ./src/SPI.o
 .debug_line    0x0000044d      0x18a ./src/alarm.o
 .debug_line    0x000005d7      0x176 ./src/calculator.o
 .debug_line    0x0000074d       0x8a ./src/cr_startup_lpc175x_6x.o
 .debug_line    0x000007d7      0x14e ./src/display.o
 .debug_line    0x00000925       0x31 ./src/font5x7.o
 .debug_line    0x00000956       0x67 ./src/projectBlock5.o
 .debug_line    0x000009bd       0x79 ./src/sound.o
 .debug_line    0x00000a36      0x139 ./src/timer.o

.debug_str      0x00000000      0x942
 .debug_str     0x00000000      0x1f3 ./src/GPIO.o
 .debug_str     0x000001f3       0x84 ./src/I2C.o
                                0x199 (size before relaxing)
 .debug_str     0x00000277       0x96 ./src/IR.o
                                0x1de (size before relaxing)
 .debug_str     0x0000030d       0x58 ./src/RIT.o
                                0x15a (size before relaxing)
 .debug_str     0x00000365       0xfe ./src/RealTimeClock.o
                                0x273 (size before relaxing)
 .debug_str     0x00000463       0x27 ./src/SPI.o
                                0x12e (size before relaxing)
 .debug_str     0x0000048a       0xff ./src/alarm.o
                                0x256 (size before relaxing)
 .debug_str     0x00000589       0x79 ./src/calculator.o
                                0x1f3 (size before relaxing)
 .debug_str     0x00000602      0x181 ./src/cr_startup_lpc175x_6x.o
                                0x29f (size before relaxing)
 .debug_str     0x00000783       0x9f ./src/display.o
                                0x272 (size before relaxing)
 .debug_str     0x00000822       0x11 ./src/font5x7.o
                                0x132 (size before relaxing)
 .debug_str     0x00000833       0x29 ./src/projectBlock5.o
                                0x17c (size before relaxing)
 .debug_str     0x0000085c       0x77 ./src/sound.o
                                0x1bd (size before relaxing)
 .debug_str     0x000008d3       0x6f ./src/timer.o
                                0x20e (size before relaxing)

.comment        0x00000000       0xdc
 .comment       0x00000000       0x6e ./src/GPIO.o
                                 0x6f (size before relaxing)
 .comment       0x0000006e       0x6f ./src/I2C.o
 .comment       0x0000006e       0x6f ./src/IR.o
 .comment       0x0000006e       0x6f ./src/RIT.o
 .comment       0x0000006e       0x6f ./src/RealTimeClock.o
 .comment       0x0000006e       0x6f ./src/SPI.o
 .comment       0x0000006e       0x6f ./src/alarm.o
 .comment       0x0000006e       0x6f ./src/calculator.o
 .comment       0x0000006e       0x6f ./src/cr_startup_lpc175x_6x.o
 .comment       0x0000006e       0x6f ./src/display.o
 .comment       0x0000006e       0x6f ./src/font5x7.o
 .comment       0x0000006e       0x6f ./src/projectBlock5.o
 .comment       0x0000006e       0x6f ./src/sound.o
 .comment       0x0000006e       0x6f ./src/timer.o
 .comment       0x0000006e       0x6e c:/nxp/lpcxpresso_8.2.2_650/lpcxpresso/tools/bin/../lib/gcc/arm-none-eabi/5.4.1/../../../../arm-none-eabi/lib/armv7-m\libcr_semihost.a(_cr__main.o)
                                 0x6f (size before relaxing)
 .comment       0x000000dc       0x6f c:/nxp/lpcxpresso_8.2.2_650/lpcxpresso/tools/bin/../lib/gcc/arm-none-eabi/5.4.1/../../../../arm-none-eabi/lib/armv7-m\libcr_c.a(ceilf.o)
 .comment       0x000000dc       0x6f c:/nxp/lpcxpresso_8.2.2_650/lpcxpresso/tools/bin/../lib/gcc/arm-none-eabi/5.4.1/../../../../arm-none-eabi/lib/armv7-m\libcr_c.a(floorf.o)
 .comment       0x000000dc       0x6f c:/nxp/lpcxpresso_8.2.2_650/lpcxpresso/tools/bin/../lib/gcc/arm-none-eabi/5.4.1/../../../../arm-none-eabi/lib/armv7-m\libcr_c.a(memset.o)
 .comment       0x000000dc       0x6f c:/nxp/lpcxpresso_8.2.2_650/lpcxpresso/tools/bin/../lib/gcc/arm-none-eabi/5.4.1/../../../../arm-none-eabi/lib/armv7-m\libcr_c.a(alloc.o)
 .comment       0x000000dc       0x6f c:/nxp/lpcxpresso_8.2.2_650/lpcxpresso/tools/bin/../lib/gcc/arm-none-eabi/5.4.1/../../../../arm-none-eabi/lib/armv7-m\libcr_c.a(cr_time.o)
 .comment       0x000000dc       0x6f c:/nxp/lpcxpresso_8.2.2_650/lpcxpresso/tools/bin/../lib/gcc/arm-none-eabi/5.4.1/../../../../arm-none-eabi/lib/armv7-m\libcr_c.a(initio.o)
 .comment       0x000000dc       0x6f c:/nxp/lpcxpresso_8.2.2_650/lpcxpresso/tools/bin/../lib/gcc/arm-none-eabi/5.4.1/../../../../arm-none-eabi/lib/armv7-m\libcr_c.a(setvbuf.o)
 .comment       0x000000dc       0x6f c:/nxp/lpcxpresso_8.2.2_650/lpcxpresso/tools/bin/../lib/gcc/arm-none-eabi/5.4.1/../../../../arm-none-eabi/lib/armv7-m\libcr_c.a(stdio.o)
 .comment       0x000000dc       0x6f c:/nxp/lpcxpresso_8.2.2_650/lpcxpresso/tools/bin/../lib/gcc/arm-none-eabi/5.4.1/../../../../arm-none-eabi/lib/armv7-m\libcr_c.a(stdlib.o)
 .comment       0x000000dc       0x6f c:/nxp/lpcxpresso_8.2.2_650/lpcxpresso/tools/bin/../lib/gcc/arm-none-eabi/5.4.1/../../../../arm-none-eabi/lib/armv7-m\libcr_c.a(strcpy.o)
 .comment       0x000000dc       0x6f c:/nxp/lpcxpresso_8.2.2_650/lpcxpresso/tools/bin/../lib/gcc/arm-none-eabi/5.4.1/../../../../arm-none-eabi/lib/armv7-m\libcr_c.a(strlen.o)
 .comment       0x000000dc       0x6f c:/nxp/lpcxpresso_8.2.2_650/lpcxpresso/tools/bin/../lib/gcc/arm-none-eabi/5.4.1/../../../../arm-none-eabi/lib/armv7-m\libcr_c.a(__init_alloc.o)
 .comment       0x000000dc       0x6f c:/nxp/lpcxpresso_8.2.2_650/lpcxpresso/tools/bin/../lib/gcc/arm-none-eabi/5.4.1/../../../../arm-none-eabi/lib/armv7-m\libcr_c.a(_cr_sbrk.o)
 .comment       0x000000dc       0x6f c:/nxp/lpcxpresso_8.2.2_650/lpcxpresso/tools/bin/../lib/gcc/arm-none-eabi/5.4.1/../../../../arm-none-eabi/lib/armv7-m\libcr_c.a(_deferredlazyseek.o)
 .comment       0x000000dc       0x6f c:/nxp/lpcxpresso_8.2.2_650/lpcxpresso/tools/bin/../lib/gcc/arm-none-eabi/5.4.1/../../../../arm-none-eabi/lib/armv7-m\libcr_c.a(_fdopen.o)
 .comment       0x000000dc       0x6f c:/nxp/lpcxpresso_8.2.2_650/lpcxpresso/tools/bin/../lib/gcc/arm-none-eabi/5.4.1/../../../../arm-none-eabi/lib/armv7-m\libcr_c.a(_fflush.o)
 .comment       0x000000dc       0x6f c:/nxp/lpcxpresso_8.2.2_650/lpcxpresso/tools/bin/../lib/gcc/arm-none-eabi/5.4.1/../../../../arm-none-eabi/lib/armv7-m\libcr_c.a(_writebuf.o)
 .comment       0x000000dc       0x6f c:/nxp/lpcxpresso_8.2.2_650/lpcxpresso/tools/bin/../lib/gcc/arm-none-eabi/5.4.1/../../../../arm-none-eabi/lib/armv7-m\libcr_c.a(errno.o)
 .comment       0x000000dc       0x6f c:/nxp/lpcxpresso_8.2.2_650/lpcxpresso/tools/bin/../lib/gcc/arm-none-eabi/5.4.1/../../../../arm-none-eabi/lib/armv7-m\libcr_c.a(fclose.o)
 .comment       0x000000dc       0x6f c:/nxp/lpcxpresso_8.2.2_650/lpcxpresso/tools/bin/../lib/gcc/arm-none-eabi/5.4.1/../../../../arm-none-eabi/lib/armv7-m\libcr_c.a(fflush.o)
 .comment       0x000000dc       0x6f c:/nxp/lpcxpresso_8.2.2_650/lpcxpresso/tools/bin/../lib/gcc/arm-none-eabi/5.4.1/../../../../arm-none-eabi/lib/armv7-m\libcr_c.a(fseek.o)
 .comment       0x000000dc       0x6f c:/nxp/lpcxpresso_8.2.2_650/lpcxpresso/tools/bin/../lib/gcc/arm-none-eabi/5.4.1/../../../../arm-none-eabi/lib/armv7-m\libcr_c.a(ftell.o)
 .comment       0x000000dc       0x6f c:/nxp/lpcxpresso_8.2.2_650/lpcxpresso/tools/bin/../lib/gcc/arm-none-eabi/5.4.1/../../../../arm-none-eabi/lib/armv7-m\libcr_c.a(remove.o)
 .comment       0x000000dc       0x6f c:/nxp/lpcxpresso_8.2.2_650/lpcxpresso/tools/bin/../lib/gcc/arm-none-eabi/5.4.1/../../../../arm-none-eabi/lib/armv7-m\libcr_c.a(_cr_check_heap.o)
 .comment       0x000000dc       0x6f c:/nxp/lpcxpresso_8.2.2_650/lpcxpresso/tools/bin/../lib/gcc/arm-none-eabi/5.4.1/../../../../arm-none-eabi/lib/armv7-m\libcr_c.a(_do_fflush.o)
 .comment       0x000000dc       0x6f c:/nxp/lpcxpresso_8.2.2_650/lpcxpresso/tools/bin/../lib/gcc/arm-none-eabi/5.4.1/armv7-m\libcr_eabihelpers.a(float.o)

.ARM.attributes
                0x00000000       0x31
 .ARM.attributes
                0x00000000       0x33 ./src/GPIO.o
 .ARM.attributes
                0x00000033       0x33 ./src/I2C.o
 .ARM.attributes
                0x00000066       0x33 ./src/IR.o
 .ARM.attributes
                0x00000099       0x33 ./src/RIT.o
 .ARM.attributes
                0x000000cc       0x33 ./src/RealTimeClock.o
 .ARM.attributes
                0x000000ff       0x33 ./src/SPI.o
 .ARM.attributes
                0x00000132       0x33 ./src/alarm.o
 .ARM.attributes
                0x00000165       0x33 ./src/calculator.o
 .ARM.attributes
                0x00000198       0x33 ./src/cr_startup_lpc175x_6x.o
 .ARM.attributes
                0x000001cb       0x33 ./src/display.o
 .ARM.attributes
                0x000001fe       0x33 ./src/font5x7.o
 .ARM.attributes
                0x00000231       0x33 ./src/projectBlock5.o
 .ARM.attributes
                0x00000264       0x33 ./src/sound.o
 .ARM.attributes
                0x00000297       0x33 ./src/timer.o
 .ARM.attributes
                0x000002ca       0x33 c:/nxp/lpcxpresso_8.2.2_650/lpcxpresso/tools/bin/../lib/gcc/arm-none-eabi/5.4.1/../../../../arm-none-eabi/lib/armv7-m\libcr_semihost.a(_cr__main.o)
 .ARM.attributes
                0x000002fd       0x33 c:/nxp/lpcxpresso_8.2.2_650/lpcxpresso/tools/bin/../lib/gcc/arm-none-eabi/5.4.1/../../../../arm-none-eabi/lib/armv7-m\libcr_c.a(ceilf.o)
 .ARM.attributes
                0x00000330       0x33 c:/nxp/lpcxpresso_8.2.2_650/lpcxpresso/tools/bin/../lib/gcc/arm-none-eabi/5.4.1/../../../../arm-none-eabi/lib/armv7-m\libcr_c.a(floorf.o)
 .ARM.attributes
                0x00000363       0x33 c:/nxp/lpcxpresso_8.2.2_650/lpcxpresso/tools/bin/../lib/gcc/arm-none-eabi/5.4.1/../../../../arm-none-eabi/lib/armv7-m\libcr_c.a(memset.o)
 .ARM.attributes
                0x00000396       0x33 c:/nxp/lpcxpresso_8.2.2_650/lpcxpresso/tools/bin/../lib/gcc/arm-none-eabi/5.4.1/../../../../arm-none-eabi/lib/armv7-m\libcr_c.a(alloc.o)
 .ARM.attributes
                0x000003c9       0x33 c:/nxp/lpcxpresso_8.2.2_650/lpcxpresso/tools/bin/../lib/gcc/arm-none-eabi/5.4.1/../../../../arm-none-eabi/lib/armv7-m\libcr_c.a(cr_time.o)
 .ARM.attributes
                0x000003fc       0x33 c:/nxp/lpcxpresso_8.2.2_650/lpcxpresso/tools/bin/../lib/gcc/arm-none-eabi/5.4.1/../../../../arm-none-eabi/lib/armv7-m\libcr_c.a(initio.o)
 .ARM.attributes
                0x0000042f       0x33 c:/nxp/lpcxpresso_8.2.2_650/lpcxpresso/tools/bin/../lib/gcc/arm-none-eabi/5.4.1/../../../../arm-none-eabi/lib/armv7-m\libcr_c.a(setvbuf.o)
 .ARM.attributes
                0x00000462       0x33 c:/nxp/lpcxpresso_8.2.2_650/lpcxpresso/tools/bin/../lib/gcc/arm-none-eabi/5.4.1/../../../../arm-none-eabi/lib/armv7-m\libcr_c.a(stdio.o)
 .ARM.attributes
                0x00000495       0x33 c:/nxp/lpcxpresso_8.2.2_650/lpcxpresso/tools/bin/../lib/gcc/arm-none-eabi/5.4.1/../../../../arm-none-eabi/lib/armv7-m\libcr_c.a(stdlib.o)
 .ARM.attributes
                0x000004c8       0x33 c:/nxp/lpcxpresso_8.2.2_650/lpcxpresso/tools/bin/../lib/gcc/arm-none-eabi/5.4.1/../../../../arm-none-eabi/lib/armv7-m\libcr_c.a(strcpy.o)
 .ARM.attributes
                0x000004fb       0x33 c:/nxp/lpcxpresso_8.2.2_650/lpcxpresso/tools/bin/../lib/gcc/arm-none-eabi/5.4.1/../../../../arm-none-eabi/lib/armv7-m\libcr_c.a(strlen.o)
 .ARM.attributes
                0x0000052e       0x33 c:/nxp/lpcxpresso_8.2.2_650/lpcxpresso/tools/bin/../lib/gcc/arm-none-eabi/5.4.1/../../../../arm-none-eabi/lib/armv7-m\libcr_c.a(__init_alloc.o)
 .ARM.attributes
                0x00000561       0x33 c:/nxp/lpcxpresso_8.2.2_650/lpcxpresso/tools/bin/../lib/gcc/arm-none-eabi/5.4.1/../../../../arm-none-eabi/lib/armv7-m\libcr_c.a(_cr_sbrk.o)
 .ARM.attributes
                0x00000594       0x33 c:/nxp/lpcxpresso_8.2.2_650/lpcxpresso/tools/bin/../lib/gcc/arm-none-eabi/5.4.1/../../../../arm-none-eabi/lib/armv7-m\libcr_c.a(_deferredlazyseek.o)
 .ARM.attributes
                0x000005c7       0x33 c:/nxp/lpcxpresso_8.2.2_650/lpcxpresso/tools/bin/../lib/gcc/arm-none-eabi/5.4.1/../../../../arm-none-eabi/lib/armv7-m\libcr_c.a(_fdopen.o)
 .ARM.attributes
                0x000005fa       0x33 c:/nxp/lpcxpresso_8.2.2_650/lpcxpresso/tools/bin/../lib/gcc/arm-none-eabi/5.4.1/../../../../arm-none-eabi/lib/armv7-m\libcr_c.a(_fflush.o)
 .ARM.attributes
                0x0000062d       0x33 c:/nxp/lpcxpresso_8.2.2_650/lpcxpresso/tools/bin/../lib/gcc/arm-none-eabi/5.4.1/../../../../arm-none-eabi/lib/armv7-m\libcr_c.a(_writebuf.o)
 .ARM.attributes
                0x00000660       0x33 c:/nxp/lpcxpresso_8.2.2_650/lpcxpresso/tools/bin/../lib/gcc/arm-none-eabi/5.4.1/../../../../arm-none-eabi/lib/armv7-m\libcr_c.a(errno.o)
 .ARM.attributes
                0x00000693       0x33 c:/nxp/lpcxpresso_8.2.2_650/lpcxpresso/tools/bin/../lib/gcc/arm-none-eabi/5.4.1/../../../../arm-none-eabi/lib/armv7-m\libcr_c.a(fclose.o)
 .ARM.attributes
                0x000006c6       0x33 c:/nxp/lpcxpresso_8.2.2_650/lpcxpresso/tools/bin/../lib/gcc/arm-none-eabi/5.4.1/../../../../arm-none-eabi/lib/armv7-m\libcr_c.a(fflush.o)
 .ARM.attributes
                0x000006f9       0x33 c:/nxp/lpcxpresso_8.2.2_650/lpcxpresso/tools/bin/../lib/gcc/arm-none-eabi/5.4.1/../../../../arm-none-eabi/lib/armv7-m\libcr_c.a(fseek.o)
 .ARM.attributes
                0x0000072c       0x33 c:/nxp/lpcxpresso_8.2.2_650/lpcxpresso/tools/bin/../lib/gcc/arm-none-eabi/5.4.1/../../../../arm-none-eabi/lib/armv7-m\libcr_c.a(ftell.o)
 .ARM.attributes
                0x0000075f       0x33 c:/nxp/lpcxpresso_8.2.2_650/lpcxpresso/tools/bin/../lib/gcc/arm-none-eabi/5.4.1/../../../../arm-none-eabi/lib/armv7-m\libcr_c.a(remove.o)
 .ARM.attributes
                0x00000792       0x33 c:/nxp/lpcxpresso_8.2.2_650/lpcxpresso/tools/bin/../lib/gcc/arm-none-eabi/5.4.1/../../../../arm-none-eabi/lib/armv7-m\libcr_c.a(_cr_check_heap.o)
 .ARM.attributes
                0x000007c5       0x33 c:/nxp/lpcxpresso_8.2.2_650/lpcxpresso/tools/bin/../lib/gcc/arm-none-eabi/5.4.1/../../../../arm-none-eabi/lib/armv7-m\libcr_c.a(_do_fflush.o)
 .ARM.attributes
                0x000007f8       0x33 c:/nxp/lpcxpresso_8.2.2_650/lpcxpresso/tools/bin/../lib/gcc/arm-none-eabi/5.4.1/armv7-m\libcr_eabihelpers.a(float.o)
 .ARM.attributes
                0x0000082b       0x21 c:/nxp/lpcxpresso_8.2.2_650/lpcxpresso/tools/bin/../lib/gcc/arm-none-eabi/5.4.1/armv7-m\libcr_eabihelpers.a(memcpy.o)
 .ARM.attributes
                0x0000084c       0x21 c:/nxp/lpcxpresso_8.2.2_650/lpcxpresso/tools/bin/../lib/gcc/arm-none-eabi/5.4.1/../../../../arm-none-eabi/lib/armv7-m\libcr_semihost.a(__sys_appexit.o)
 .ARM.attributes
                0x0000086d       0x21 c:/nxp/lpcxpresso_8.2.2_650/lpcxpresso/tools/bin/../lib/gcc/arm-none-eabi/5.4.1/../../../../arm-none-eabi/lib/armv7-m\libcr_semihost.a(__sys_close.o)
 .ARM.attributes
                0x0000088e       0x21 c:/nxp/lpcxpresso_8.2.2_650/lpcxpresso/tools/bin/../lib/gcc/arm-none-eabi/5.4.1/../../../../arm-none-eabi/lib/armv7-m\libcr_semihost.a(__sys_flen.o)
 .ARM.attributes
                0x000008af       0x21 c:/nxp/lpcxpresso_8.2.2_650/lpcxpresso/tools/bin/../lib/gcc/arm-none-eabi/5.4.1/../../../../arm-none-eabi/lib/armv7-m\libcr_semihost.a(__sys_istty.o)
 .ARM.attributes
                0x000008d0       0x21 c:/nxp/lpcxpresso_8.2.2_650/lpcxpresso/tools/bin/../lib/gcc/arm-none-eabi/5.4.1/../../../../arm-none-eabi/lib/armv7-m\libcr_semihost.a(__sys_remove.o)
 .ARM.attributes
                0x000008f1       0x21 c:/nxp/lpcxpresso_8.2.2_650/lpcxpresso/tools/bin/../lib/gcc/arm-none-eabi/5.4.1/../../../../arm-none-eabi/lib/armv7-m\libcr_semihost.a(__sys_seek.o)
 .ARM.attributes
                0x00000912       0x21 c:/nxp/lpcxpresso_8.2.2_650/lpcxpresso/tools/bin/../lib/gcc/arm-none-eabi/5.4.1/../../../../arm-none-eabi/lib/armv7-m\libcr_semihost.a(__sys_time.o)
 .ARM.attributes
                0x00000933       0x21 c:/nxp/lpcxpresso_8.2.2_650/lpcxpresso/tools/bin/../lib/gcc/arm-none-eabi/5.4.1/../../../../arm-none-eabi/lib/armv7-m\libcr_semihost.a(__sys_tmpnam.o)
 .ARM.attributes
                0x00000954       0x21 c:/nxp/lpcxpresso_8.2.2_650/lpcxpresso/tools/bin/../lib/gcc/arm-none-eabi/5.4.1/../../../../arm-none-eabi/lib/armv7-m\libcr_semihost.a(__sys_write.o)

.debug_frame    0x00000000      0x8e0
 .debug_frame   0x00000000      0x120 ./src/GPIO.o
 .debug_frame   0x00000120       0x70 ./src/I2C.o
 .debug_frame   0x00000190       0x64 ./src/IR.o
 .debug_frame   0x000001f4       0x70 ./src/RIT.o
 .debug_frame   0x00000264       0xcc ./src/RealTimeClock.o
 .debug_frame   0x00000330       0x38 ./src/SPI.o
 .debug_frame   0x00000368      0x158 ./src/alarm.o
 .debug_frame   0x000004c0       0xec ./src/calculator.o
 .debug_frame   0x000005ac       0xfc ./src/cr_startup_lpc175x_6x.o
 .debug_frame   0x000006a8       0xa4 ./src/display.o
 .debug_frame   0x0000074c       0x28 ./src/projectBlock5.o
 .debug_frame   0x00000774       0x5c ./src/sound.o
 .debug_frame   0x000007d0      0x110 ./src/timer.o
